Microchip MPLAB XC8 Compiler V2.40

Linker command line:

-W-3 \
  --edf=C:\Program Files\Microchip\xc8\v2.40\pic\dat\20220703182018_en.msgs \
  -cn -h+dist/default/production\GPIO_Driver.production.sym \
  --cmf=dist/default/production\GPIO_Driver.production.cmf -z -Q18F4620 \
  -oC:\Users\KAREEM~1\AppData\Local\Temp\xcAs4ng.4 --defsym=__MPLAB_BUILD=1 \
  --fixupoverflow=error \
  -Mdist/default/production/GPIO_Driver.production.map \
  --md=C:\Users\KAREEM~1\AppData\Local\Temp\xcAs4ng.dat -E1 \
  -ver=XC8 Compiler --acfsm=1493 -ACODE=00h-0FFFFh -ACONST=00h-0FFFFh \
  -ASMALLCONST=01000h-010FFhx240 -AMEDIUMCONST=01000h-0FFFFh \
  -ACOMRAM=01h-07Fh -AABS1=00h-0F7Fh -ABIGRAM=01h-0F7Fh \
  -ARAM=080h-0FFh,0100h-01FFhx14,0F00h-0F7Fh -ABANK0=080h-0FFh \
  -ABANK1=0100h-01FFh -ABANK2=0200h-02FFh -ABANK3=0300h-03FFh \
  -ABANK4=0400h-04FFh -ABANK5=0500h-05FFh -ABANK6=0600h-06FFh \
  -ABANK7=0700h-07FFh -ABANK8=0800h-08FFh -ABANK9=0900h-09FFh \
  -ABANK10=0A00h-0AFFh -ABANK11=0B00h-0BFFh -ABANK12=0C00h-0CFFh \
  -ABANK13=0D00h-0DFFh -ABANK14=0E00h-0EFFh -ABANK15=0F00h-0F7Fh \
  -ASFR=0F80h-0FFFh -ABIGSFR=0F80h-0FFFh -ACONFIG=0300000h-030000Dh \
  -AIDLOC=0200000h-0200007h -AEEDATA=0F00000h-0F003FFh -peeprom_data=EEDATA \
  -preset_vec=00h,intcode,intcodelo,powerup,init -pramtop=01000h \
  -psmallconst=SMALLCONST -pmediumconst=MEDIUMCONST -pconst=CONST \
  -AFARRAM=00h-00h \
  -prdata=COMRAM,nvrram=COMRAM,nvbit=COMRAM,rbss=COMRAM,rbit=COMRAM \
  -pfarbss=FARRAM,fardata=FARRAM,nvFARRAM=FARRAM \
  -pintsave_regs=BIGRAM,bigbss=BIGRAM,bigdata=BIGRAM -pbss=RAM \
  -pidata=CODE,irdata=CODE,ibigdata=CODE,ifardata=CODE -prparam=COMRAM \
  C:\Users\KAREEM~1\AppData\Local\Temp\xcAs4ng.o \
  dist/default/production\GPIO_Driver.production.o 

Object code version is 3.11

Machine type is 18F4620



                Name                               Link     Load   Length Selector   Space Scale
C:\Users\KAREEM~1\AppData\Local\Temp\xcAs4ng.o
                idloc                            200000   200000        8        0       5
                config                           300000   300000        E        0       4
                init                                  0        0        4        0       0
dist/default/production\GPIO_Driver.production.o
                idloc                            200000   200000        8        0       5
                config                           300000   300000        E        0       4
                text12                             FE9E     FE9E      162     7F4F       0
                text11                             F84C     F84C       2C     7C26       0
                text10                             FD5E     FD5E      140     7EAF       0
                text9                              FA4E     FA4E       98     7D27       0
                text8                              F878     F878       2C     7C3C       0
                text7                              FBA6     FBA6       CC     7DD3       0
                text6                              FAE6     FAE6       C0     7D73       0
                text5                              F962     F962       76     7CB1       0
                text4                              F9D8     F9D8       76     7CEC       0
                text3                              F822     F822       2A     7C11       0
                text2                              F8DA     F8DA       44     7C6D       0
                text1                              F91E     F91E       44     7C8F       0
                text0                              FC72     FC72       EC     7E39       0
                cstackCOMRAM                         28       28       11        1       1
                dataCOMRAM                            1        1       27        1       1
                bssCOMRAM                            39       39        7        1       1
                cinit                              F8A4     F8A4       36     7C52       0
                idataCOMRAM                        F7FB     F7FB       27     F7FB       0

TOTAL           Name                               Link     Load   Length     Space
        CLASS   CODE           
                init                                  0        0        4         0
                text12                             FE9E     FE9E      162         0
                text11                             F84C     F84C       2C         0
                text10                             FD5E     FD5E      140         0
                text9                              FA4E     FA4E       98         0
                text8                              F878     F878       2C         0
                text7                              FBA6     FBA6       CC         0
                text6                              FAE6     FAE6       C0         0
                text5                              F962     F962       76         0
                text4                              F9D8     F9D8       76         0
                text3                              F822     F822       2A         0
                text2                              F8DA     F8DA       44         0
                text1                              F91E     F91E       44         0
                text0                              FC72     FC72       EC         0
                cinit                              F8A4     F8A4       36         0
                idataCOMRAM                        F7FB     F7FB       27         0

        CLASS   CONST          

        CLASS   SMALLCONST     

        CLASS   MEDIUMCONST    

        CLASS   COMRAM         
                cstackCOMRAM                         28       28       11         1
                dataCOMRAM                            1        1       27         1
                bssCOMRAM                            39       39        7         1

        CLASS   ABS1           

        CLASS   BIGRAM         

        CLASS   RAM            

        CLASS   BANK0          

        CLASS   BANK1          

        CLASS   BANK2          

        CLASS   BANK3          

        CLASS   BANK4          

        CLASS   BANK5          

        CLASS   BANK6          

        CLASS   BANK7          

        CLASS   BANK8          

        CLASS   BANK9          

        CLASS   BANK10         

        CLASS   BANK11         

        CLASS   BANK12         

        CLASS   BANK13         

        CLASS   BANK14         

        CLASS   BANK15         

        CLASS   SFR            

        CLASS   BIGSFR         

        CLASS   CONFIG         
                config                           300000   300000        E         4

        CLASS   IDLOC          
                idloc                            200000   200000        8         5

        CLASS   EEDATA         

        CLASS   FARRAM         

        CLASS   HEAP           

        CLASS   STACK          



SEGMENTS        Name                           Load    Length   Top    Selector   Space  Class

                reset_vec                      000000  000004  000004         0       0  CODE    
                dataCOMRAM                     000001  00003F  000040         1       1  COMRAM  
                idataCOMRAM                    00F7FB  000027  00F822      F7FB       0  CODE    
                text3                          00F822  00002A  00F84C      7C11       0  CODE    
                text11                         00F84C  00002C  00F878      7C26       0  CODE    
                text8                          00F878  00002C  00F8A4      7C3C       0  CODE    
                cinit                          00F8A4  000036  00F8DA      7C52       0  CODE    
                text2                          00F8DA  000044  00F91E      7C6D       0  CODE    
                text1                          00F91E  000044  00F962      7C8F       0  CODE    
                text5                          00F962  000076  00F9D8      7CB1       0  CODE    
                text4                          00F9D8  000076  00FA4E      7CEC       0  CODE    
                text9                          00FA4E  000098  00FAE6      7D27       0  CODE    
                text6                          00FAE6  0000C0  00FBA6      7D73       0  CODE    
                text7                          00FBA6  0000CC  00FC72      7DD3       0  CODE    
                text0                          00FC72  0000EC  00FD5E      7E39       0  CODE    
                text10                         00FD5E  000140  00FE9E      7EAF       0  CODE    
                text12                         00FE9E  000162  010000      7F4F       0  CODE    


UNUSED ADDRESS RANGES

        Name                Unused          Largest block    Delta
        BANK0            000080-0000FF               80
        BANK1            000100-0001FF              100
        BANK10           000A00-000AFF              100
        BANK11           000B00-000BFF              100
        BANK12           000C00-000CFF              100
        BANK13           000D00-000DFF              100
        BANK14           000E00-000EFF              100
        BANK15           000F00-000F7F               80
        BANK2            000200-0002FF              100
        BANK3            000300-0003FF              100
        BANK4            000400-0004FF              100
        BANK5            000500-0005FF              100
        BANK6            000600-0006FF              100
        BANK7            000700-0007FF              100
        BANK8            000800-0008FF              100
        BANK9            000900-0009FF              100
        BIGRAM           000040-000F7F              F40
        BIGSFR           000F80-000FFF               80
        CODE             000004-00F7FA             F7F7
        COMRAM           000040-00007F               40
        CONST            000004-00F7FA             F7F7
        EEDATA           F00000-F003FF              400
        MEDIUMCONST      001000-00F7FA             E7FB
        RAM              000080-000F7F              100
        SFR              000F80-000FFF               80
        SMALLCONST       001000-00F7FA              100

                                  Symbol Table

_Application_initialize               text8        00F878
_LATA                                 (abs)        000F89
_LATB                                 (abs)        000F8A
_LATC                                 (abs)        000F8B
_LATD                                 (abs)        000F8C
_LATE                                 (abs)        000F8D
_PORTA                                (abs)        000F80
_PORTB                                (abs)        000F81
_PORTC                                (abs)        000F82
_PORTD                                (abs)        000F83
_PORTE                                (abs)        000F84
_Program_Selected                     bssCOMRAM    00003B
_TRISA                                (abs)        000F92
_TRISB                                (abs)        000F93
_TRISC                                (abs)        000F94
_TRISD                                (abs)        000F95
_TRISE                                (abs)        000F96
__HRAM                                (abs)        000000
__Habs1                               abs1         000000
__Hbank0                              bank0        000000
__Hbank1                              bank1        000000
__Hbank10                             bank10       000000
__Hbank11                             bank11       000000
__Hbank12                             bank12       000000
__Hbank13                             bank13       000000
__Hbank14                             bank14       000000
__Hbank15                             bank15       000000
__Hbank2                              bank2        000000
__Hbank3                              bank3        000000
__Hbank4                              bank4        000000
__Hbank5                              bank5        000000
__Hbank6                              bank6        000000
__Hbank7                              bank7        000000
__Hbank8                              bank8        000000
__Hbank9                              bank9        000000
__Hbigbss                             bigbss       000000
__Hbigdata                            bigdata      000000
__Hbigram                             bigram       000000
__Hbigsfr                             bigsfr       000000
__Hbss                                bss          000000
__HbssCOMRAM                          bssCOMRAM    000000
__Hcinit                              cinit        000000
__Hclrtext                            clrtext      000000
__Hcomram                             comram       000000
__Hconfig                             config       30000E
__Hconst                              const        000000
__HcstackCOMRAM                       cstackCOMRAM 000000
__Hdata                               data         000000
__HdataCOMRAM                         dataCOMRAM   000000
__Heeprom_data                        eeprom_data  000000
__Hfarbss                             farbss       000000
__Hfardata                            fardata      000000
__Hheap                               heap         000000
__Hibigdata                           ibigdata     000000
__Hidata                              idata        000000
__HidataCOMRAM                        idataCOMRAM  000000
__Hidloc                              idloc        200008
__Hifardata                           ifardata     000000
__Hinit                               init         000004
__Hintcode                            intcode      000000
__Hintcode_body                       intcode_body 000000
__Hintcodelo                          intcodelo    000000
__Hintentry                           intentry     000000
__Hintret                             intret       000000
__Hintsave_regs                       intsave_regs 000000
__Hirdata                             irdata       000000
__Hmediumconst                        mediumconst  000000
__HnvFARRAM                           nvFARRAM     000000
__Hnvbit                              nvbit        000000
__Hnvrram                             nvrram       000000
__Hparam                              rparam       000000
__Hpowerup                            powerup      000000
__Hram                                ram          000000
__Hramtop                             ramtop       001000
__Hrbit                               rbit         000000
__Hrbss                               rbss         000000
__Hrdata                              rdata        000000
__Hreset_vec                          reset_vec    000000
__Hrparam                             rparam       000000
__Hsfr                                sfr          000000
__Hsmallconst                         smallconst   000000
__Hspace_0                            (abs)        010000
__Hspace_1                            (abs)        000040
__Hspace_2                            (abs)        000000
__Hspace_4                            (abs)        60000E
__Hstack                              stack        000000
__Hstruct                             struct       000000
__Htemp                               temp         000000
__Htext                               text         000000
__Htext0                              text0        000000
__Htext1                              text1        000000
__Htext10                             text10       000000
__Htext11                             text11       000000
__Htext12                             text12       000000
__Htext2                              text2        000000
__Htext3                              text3        000000
__Htext4                              text4        000000
__Htext5                              text5        000000
__Htext6                              text6        000000
__Htext7                              text7        000000
__Htext8                              text8        000000
__Htext9                              text9        000000
__LRAM                                (abs)        000001
__Labs1                               abs1         000000
__Lbank0                              bank0        000000
__Lbank1                              bank1        000000
__Lbank10                             bank10       000000
__Lbank11                             bank11       000000
__Lbank12                             bank12       000000
__Lbank13                             bank13       000000
__Lbank14                             bank14       000000
__Lbank15                             bank15       000000
__Lbank2                              bank2        000000
__Lbank3                              bank3        000000
__Lbank4                              bank4        000000
__Lbank5                              bank5        000000
__Lbank6                              bank6        000000
__Lbank7                              bank7        000000
__Lbank8                              bank8        000000
__Lbank9                              bank9        000000
__Lbigbss                             bigbss       000000
__Lbigdata                            bigdata      000000
__Lbigram                             bigram       000000
__Lbigsfr                             bigsfr       000000
__Lbss                                bss          000000
__LbssCOMRAM                          bssCOMRAM    000000
__Lcinit                              cinit        000000
__Lclrtext                            clrtext      000000
__Lcomram                             comram       000000
__Lconfig                             config       000000
__Lconst                              const        000000
__LcstackCOMRAM                       cstackCOMRAM 000000
__Ldata                               data         000000
__LdataCOMRAM                         dataCOMRAM   000000
__Leeprom_data                        eeprom_data  000000
__Lfarbss                             farbss       000000
__Lfardata                            fardata      000000
__Lheap                               heap         000000
__Libigdata                           ibigdata     000000
__Lidata                              idata        000000
__LidataCOMRAM                        idataCOMRAM  000000
__Lidloc                              idloc        000000
__Lifardata                           ifardata     000000
__Linit                               init         000000
__Lintcode                            intcode      000000
__Lintcode_body                       intcode_body 000000
__Lintcodelo                          intcodelo    000000
__Lintentry                           intentry     000000
__Lintret                             intret       000000
__Lintsave_regs                       intsave_regs 000000
__Lirdata                             irdata       000000
__Lmediumconst                        mediumconst  000000
__LnvFARRAM                           nvFARRAM     000000
__Lnvbit                              nvbit        000000
__Lnvrram                             nvrram       000000
__Lparam                              rparam       000000
__Lpowerup                            powerup      000000
__Lram                                ram          000000
__Lramtop                             ramtop       001000
__Lrbit                               rbit         000000
__Lrbss                               rbss         000000
__Lrdata                              rdata        000000
__Lreset_vec                          reset_vec    000000
__Lrparam                             rparam       000000
__Lsfr                                sfr          000000
__Lsmallconst                         smallconst   000000
__Lspace_0                            (abs)        000000
__Lspace_1                            (abs)        000000
__Lspace_2                            (abs)        000000
__Lspace_4                            (abs)        000000
__Lstack                              stack        000000
__Lstruct                             struct       000000
__Ltemp                               temp         000000
__Ltext                               text         000000
__Ltext0                              text0        000000
__Ltext1                              text1        000000
__Ltext10                             text10       000000
__Ltext11                             text11       000000
__Ltext12                             text12       000000
__Ltext2                              text2        000000
__Ltext3                              text3        000000
__Ltext4                              text4        000000
__Ltext5                              text5        000000
__Ltext6                              text6        000000
__Ltext7                              text7        000000
__Ltext8                              text8        000000
__Ltext9                              text9        000000
__S0                                  (abs)        010000
__S1                                  (abs)        000040
__S4                                  (abs)        000000
__S5                                  (abs)        000000
___heap_hi                            (abs)        000000
___heap_lo                            (abs)        000000
___inthi_sp                           stack        000000
___intlo_sp                           stack        000000
___param_bank                         (abs)        000000
___rparam_used                        (abs)        000001
___sp                                 stack        000000
__accesstop                           (abs)        000080
__activetblptr                        (abs)        000002
__end_of_Application_initialize       text8        00F8A4
__end_of__initialization              cinit        00F8D0
__end_of_button_initialize            text11       00F878
__end_of_button_read_state            text6        00FBA6
__end_of_gpio_pin_direction_init      text12       010000
__end_of_gpio_pin_read_logic          text7        00FC72
__end_of_gpio_pin_write_logic         text10       00FE9E
__end_of_led_initialize               text9        00FAE6
__end_of_led_turn_off                 text5        00F9D8
__end_of_led_turn_on                  text4        00FA4E
__end_of_main                         text0        00FD5E
__end_of_program_1                    text3        00F84C
__end_of_program_2                    text2        00F91E
__end_of_program_3                    text1        00F962
__initialization                      cinit        00F8A4
__mediumconst                         mediumconst  000000
__pbssCOMRAM                          bssCOMRAM    000039
__pcinit                              cinit        00F8A4
__pcstackCOMRAM                       cstackCOMRAM 000028
__pdataCOMRAM                         dataCOMRAM   000001
__pidataCOMRAM                        idataCOMRAM  00F7FB
__ptext0                              text0        00FC72
__ptext1                              text1        00F91E
__ptext10                             text10       00FD5E
__ptext11                             text11       00F84C
__ptext12                             text12       00FE9E
__ptext2                              text2        00F8DA
__ptext3                              text3        00F822
__ptext4                              text4        00F9D8
__ptext5                              text5        00F962
__ptext6                              text6        00FAE6
__ptext7                              text7        00FBA6
__ptext8                              text8        00F878
__ptext9                              text9        00FA4E
__ramtop                              ramtop       001000
__smallconst                          smallconst   000000
_btn_1                                dataCOMRAM   000022
_btn_high_last_valid_status           dataCOMRAM   00001F
_btn_high_status                      dataCOMRAM   000025
_btn_high_valid                       bssCOMRAM    000039
_btn_high_valid_status                dataCOMRAM   000020
_button_initialize                    text11       00F84C
_button_read_state                    text6        00FAE6
_gpio_pin_direction_init              text12       00FE9E
_gpio_pin_read_logic                  text7        00FBA6
_gpio_pin_write_logic                 text10       00FD5E
_lat_register                         dataCOMRAM   00000B
_led_1                                dataCOMRAM   000027
_led_2                                dataCOMRAM   000026
_led_initialize                       text9        00FA4E
_led_turn_off                         text5        00F962
_led_turn_on                          text4        00F9D8
_main                                 text0        00FC72
_port_register                        dataCOMRAM   000001
_program_1                            text3        00F822
_program_2                            text2        00F8DA
_program_3                            text1        00F91E
_ret                                  dataCOMRAM   000021
_tris_register                        dataCOMRAM   000015
button_initialize@btn                 cstackCOMRAM 000031
button_initialize@ret                 cstackCOMRAM 000033
button_read_state@Pin_Logic_Status    cstackCOMRAM 000036
button_read_state@btn                 cstackCOMRAM 000031
button_read_state@btn_state           cstackCOMRAM 000033
end_of_initialization                 cinit        00F8D0
gpio_pin_direction_init@_pin_config_t cstackCOMRAM 000028
gpio_pin_direction_init@ret           cstackCOMRAM 000030
gpio_pin_read_logic@_pin_config_t     cstackCOMRAM 000028
gpio_pin_read_logic@logic             cstackCOMRAM 00002A
gpio_pin_write_logic@_pin_config_t    cstackCOMRAM 000028
gpio_pin_write_logic@logic            cstackCOMRAM 00002A
intlevel0                             text         000000
intlevel1                             text         000000
intlevel2                             text         000000
intlevel3                             text         000000
isa$std                               (abs)        000001
isa$xinst                             (abs)        000000
led_initialize@F2876                  bssCOMRAM    00003F
led_initialize@led                    cstackCOMRAM 000031
led_initialize@pin_obj                cstackCOMRAM 000035
led_initialize@ret                    cstackCOMRAM 000034
led_toggle_logic@F2891                bssCOMRAM    00003C
led_turn_off@F2886                    bssCOMRAM    00003D
led_turn_off@led                      cstackCOMRAM 000031
led_turn_off@pin_obj                  cstackCOMRAM 000034
led_turn_on@F2881                     bssCOMRAM    00003E
led_turn_on@led                       cstackCOMRAM 000031
led_turn_on@pin_obj                   cstackCOMRAM 000034
program_2@counter                     cstackCOMRAM 000035
program_3@counter                     cstackCOMRAM 000035
stackhi                               (abs)        000000
stacklo                               (abs)        000000
start                                 init         000000
start_initialization                  cinit        00F8A4


MODULE INFORMATION

Module		Function		Class		Link	Load	Size
ECU_Layer/ecu_button.c
		_button_read_state		CODE           	FAE6	0000	192
		_button_initialize		CODE           	F84C	0000	44

ECU_Layer/ecu_button.c estimated size: 236

Application.c
		_main          		CODE           	FC72	0000	236
		_program_1     		CODE           	F822	0000	42
		_program_2     		CODE           	F8DA	0000	68
		_program_3     		CODE           	F91E	0000	68
		_Application_initialize		CODE           	F878	0000	44

Application.c estimated size: 458

shared
		__initialization		CODE           	F8A4	0000	44

shared estimated size: 44

MCAL_Layer/hal_gpio.c
		_gpio_pin_write_logic		CODE           	FD5E	0000	320
		_gpio_pin_direction_init		CODE           	FE9E	0000	354
		_gpio_pin_read_logic		CODE           	FBA6	0000	204

MCAL_Layer/hal_gpio.c estimated size: 878

ECU_Layer/Ecu_led.c
		_led_initialize		CODE           	FA4E	0000	152
		_led_turn_on   		CODE           	F9D8	0000	118
		_led_turn_off  		CODE           	F962	0000	118

ECU_Layer/Ecu_led.c estimated size: 388

