Microchip MPLAB XC8 Compiler V2.40

Linker command line:

-W-3 \
  --edf=C:\Program Files\Microchip\xc8\v2.40\pic\dat\20220703182018_en.msgs \
  -cn -h+dist/default/production\GPIO_Driver.production.sym \
  --cmf=dist/default/production\GPIO_Driver.production.cmf -z -Q18F4620 \
  -oC:\Users\KAREEM~1\AppData\Local\Temp\xcAsgc0.4 --defsym=__MPLAB_BUILD=1 \
  --fixupoverflow=error \
  -Mdist/default/production/GPIO_Driver.production.map \
  --md=C:\Users\KAREEM~1\AppData\Local\Temp\xcAsgc0.dat -E1 \
  -ver=XC8 Compiler --acfsm=1493 -ACODE=00h-0FFFFh -ACONST=00h-0FFFFh \
  -ASMALLCONST=01000h-010FFhx240 -AMEDIUMCONST=01000h-0FFFFh \
  -ACOMRAM=01h-07Fh -AABS1=00h-0F7Fh -ABIGRAM=01h-0F7Fh \
  -ARAM=080h-0FFh,0100h-01FFhx14,0F00h-0F7Fh -ABANK0=080h-0FFh \
  -ABANK1=0100h-01FFh -ABANK2=0200h-02FFh -ABANK3=0300h-03FFh \
  -ABANK4=0400h-04FFh -ABANK5=0500h-05FFh -ABANK6=0600h-06FFh \
  -ABANK7=0700h-07FFh -ABANK8=0800h-08FFh -ABANK9=0900h-09FFh \
  -ABANK10=0A00h-0AFFh -ABANK11=0B00h-0BFFh -ABANK12=0C00h-0CFFh \
  -ABANK13=0D00h-0DFFh -ABANK14=0E00h-0EFFh -ABANK15=0F00h-0F7Fh \
  -ASFR=0F80h-0FFFh -ABIGSFR=0F80h-0FFFh -ACONFIG=0300000h-030000Dh \
  -AIDLOC=0200000h-0200007h -AEEDATA=0F00000h-0F003FFh -peeprom_data=EEDATA \
  -preset_vec=00h,intcode,intcodelo,powerup,init -pramtop=01000h \
  -psmallconst=SMALLCONST -pmediumconst=MEDIUMCONST -pconst=CONST \
  -AFARRAM=00h-00h \
  -prdata=COMRAM,nvrram=COMRAM,nvbit=COMRAM,rbss=COMRAM,rbit=COMRAM \
  -pfarbss=FARRAM,fardata=FARRAM,nvFARRAM=FARRAM \
  -pintsave_regs=BIGRAM,bigbss=BIGRAM,bigdata=BIGRAM -pbss=RAM \
  -pidata=CODE,irdata=CODE,ibigdata=CODE,ifardata=CODE -prparam=COMRAM \
  C:\Users\KAREEM~1\AppData\Local\Temp\xcAsgc0.o \
  dist/default/production\GPIO_Driver.production.o 

Object code version is 3.11

Machine type is 18F4620



                Name                               Link     Load   Length Selector   Space Scale
C:\Users\KAREEM~1\AppData\Local\Temp\xcAsgc0.o
                idloc                            200000   200000        8        0       5
                config                           300000   300000        E        0       4
                init                                  0        0        4        0       0
dist/default/production\GPIO_Driver.production.o
                idloc                            200000   200000        8        0       5
                config                           300000   300000        E        0       4
                text6                              FE9E     FE9E      162     7F4F       0
                text5                              FD5E     FD5E      140     7EAF       0
                text4                              FCC6     FCC6       98     7E63       0
                text3                              FADC     FADC       1E     7D6E       0
                text2                              FBC6     FBC6       80     7DE3       0
                text1                              FC46     FC46       80     7E23       0
                text0                              FB52     FB52       74     7DA9       0
                cstackCOMRAM                         22       22       10        1       1
                dataCOMRAM                            1        1       21        1       1
                bssCOMRAM                            32       32        7        1       1
                cinit                              FB1C     FB1C       36     7D8E       0
                idataCOMRAM                        FAFB     FAFB       21     FAFB       0

TOTAL           Name                               Link     Load   Length     Space
        CLASS   CODE           
                init                                  0        0        4         0
                text6                              FE9E     FE9E      162         0
                text5                              FD5E     FD5E      140         0
                text4                              FCC6     FCC6       98         0
                text3                              FADC     FADC       1E         0
                text2                              FBC6     FBC6       80         0
                text1                              FC46     FC46       80         0
                text0                              FB52     FB52       74         0
                cinit                              FB1C     FB1C       36         0
                idataCOMRAM                        FAFB     FAFB       21         0

        CLASS   CONST          

        CLASS   SMALLCONST     

        CLASS   MEDIUMCONST    

        CLASS   COMRAM         
                cstackCOMRAM                         22       22       10         1
                dataCOMRAM                            1        1       21         1
                bssCOMRAM                            32       32        7         1

        CLASS   ABS1           

        CLASS   BIGRAM         

        CLASS   RAM            

        CLASS   BANK0          

        CLASS   BANK1          

        CLASS   BANK2          

        CLASS   BANK3          

        CLASS   BANK4          

        CLASS   BANK5          

        CLASS   BANK6          

        CLASS   BANK7          

        CLASS   BANK8          

        CLASS   BANK9          

        CLASS   BANK10         

        CLASS   BANK11         

        CLASS   BANK12         

        CLASS   BANK13         

        CLASS   BANK14         

        CLASS   BANK15         

        CLASS   SFR            

        CLASS   BIGSFR         

        CLASS   CONFIG         
                config                           300000   300000        E         4

        CLASS   IDLOC          
                idloc                            200000   200000        8         5

        CLASS   EEDATA         

        CLASS   FARRAM         

        CLASS   HEAP           

        CLASS   STACK          



SEGMENTS        Name                           Load    Length   Top    Selector   Space  Class

                reset_vec                      000000  000004  000004         0       0  CODE    
                dataCOMRAM                     000001  000038  000039         1       1  COMRAM  
                text3                          00FADC  00001E  00FAFA      7D6E       0  CODE    
                idataCOMRAM                    00FAFB  000021  00FB1C      FAFB       0  CODE    
                cinit                          00FB1C  000036  00FB52      7D8E       0  CODE    
                text0                          00FB52  000074  00FBC6      7DA9       0  CODE    
                text2                          00FBC6  000080  00FC46      7DE3       0  CODE    
                text1                          00FC46  000080  00FCC6      7E23       0  CODE    
                text4                          00FCC6  000098  00FD5E      7E63       0  CODE    
                text5                          00FD5E  000140  00FE9E      7EAF       0  CODE    
                text6                          00FE9E  000162  010000      7F4F       0  CODE    


UNUSED ADDRESS RANGES

        Name                Unused          Largest block    Delta
        BANK0            000080-0000FF               80
        BANK1            000100-0001FF              100
        BANK10           000A00-000AFF              100
        BANK11           000B00-000BFF              100
        BANK12           000C00-000CFF              100
        BANK13           000D00-000DFF              100
        BANK14           000E00-000EFF              100
        BANK15           000F00-000F7F               80
        BANK2            000200-0002FF              100
        BANK3            000300-0003FF              100
        BANK4            000400-0004FF              100
        BANK5            000500-0005FF              100
        BANK6            000600-0006FF              100
        BANK7            000700-0007FF              100
        BANK8            000800-0008FF              100
        BANK9            000900-0009FF              100
        BIGRAM           000039-000F7F              F47
        BIGSFR           000F80-000FFF               80
        CODE             000004-00FADB             FAD8
                         00FAFA-00FAFA                1
        COMRAM           000039-00007F               47
        CONST            000004-00FADB             FAD8
                         00FAFA-00FAFA                1
        EEDATA           F00000-F003FF              400
        MEDIUMCONST      001000-00FADB             EADC
                         00FAFA-00FAFA                1
        RAM              000080-000F7F              100
        SFR              000F80-000FFF               80
        SMALLCONST       001000-00FADB              100
                         00FAFA-00FAFA                1

                                  Symbol Table

_Application_initialize               text3        00FADC
_LATA                                 (abs)        000F89
_LATB                                 (abs)        000F8A
_LATC                                 (abs)        000F8B
_LATD                                 (abs)        000F8C
_LATE                                 (abs)        000F8D
_PORTA                                (abs)        000F80
_PORTB                                (abs)        000F81
_PORTC                                (abs)        000F82
_PORTD                                (abs)        000F83
_PORTE                                (abs)        000F84
_TRISA                                (abs)        000F92
_TRISB                                (abs)        000F93
_TRISC                                (abs)        000F94
_TRISD                                (abs)        000F95
_TRISE                                (abs)        000F96
__HRAM                                (abs)        000000
__Habs1                               abs1         000000
__Hbank0                              bank0        000000
__Hbank1                              bank1        000000
__Hbank10                             bank10       000000
__Hbank11                             bank11       000000
__Hbank12                             bank12       000000
__Hbank13                             bank13       000000
__Hbank14                             bank14       000000
__Hbank15                             bank15       000000
__Hbank2                              bank2        000000
__Hbank3                              bank3        000000
__Hbank4                              bank4        000000
__Hbank5                              bank5        000000
__Hbank6                              bank6        000000
__Hbank7                              bank7        000000
__Hbank8                              bank8        000000
__Hbank9                              bank9        000000
__Hbigbss                             bigbss       000000
__Hbigdata                            bigdata      000000
__Hbigram                             bigram       000000
__Hbigsfr                             bigsfr       000000
__Hbss                                bss          000000
__HbssCOMRAM                          bssCOMRAM    000000
__Hcinit                              cinit        000000
__Hclrtext                            clrtext      000000
__Hcomram                             comram       000000
__Hconfig                             config       30000E
__Hconst                              const        000000
__HcstackCOMRAM                       cstackCOMRAM 000000
__Hdata                               data         000000
__HdataCOMRAM                         dataCOMRAM   000000
__Heeprom_data                        eeprom_data  000000
__Hfarbss                             farbss       000000
__Hfardata                            fardata      000000
__Hheap                               heap         000000
__Hibigdata                           ibigdata     000000
__Hidata                              idata        000000
__HidataCOMRAM                        idataCOMRAM  000000
__Hidloc                              idloc        200008
__Hifardata                           ifardata     000000
__Hinit                               init         000004
__Hintcode                            intcode      000000
__Hintcode_body                       intcode_body 000000
__Hintcodelo                          intcodelo    000000
__Hintentry                           intentry     000000
__Hintret                             intret       000000
__Hintsave_regs                       intsave_regs 000000
__Hirdata                             irdata       000000
__Hmediumconst                        mediumconst  000000
__HnvFARRAM                           nvFARRAM     000000
__Hnvbit                              nvbit        000000
__Hnvrram                             nvrram       000000
__Hparam                              rparam       000000
__Hpowerup                            powerup      000000
__Hram                                ram          000000
__Hramtop                             ramtop       001000
__Hrbit                               rbit         000000
__Hrbss                               rbss         000000
__Hrdata                              rdata        000000
__Hreset_vec                          reset_vec    000000
__Hrparam                             rparam       000000
__Hsfr                                sfr          000000
__Hsmallconst                         smallconst   000000
__Hspace_0                            (abs)        010000
__Hspace_1                            (abs)        000039
__Hspace_2                            (abs)        000000
__Hspace_4                            (abs)        60000E
__Hstack                              stack        000000
__Hstruct                             struct       000000
__Htemp                               temp         000000
__Htext                               text         000000
__Htext0                              text0        000000
__Htext1                              text1        000000
__Htext2                              text2        000000
__Htext3                              text3        000000
__Htext4                              text4        000000
__Htext5                              text5        000000
__Htext6                              text6        000000
__LRAM                                (abs)        000001
__Labs1                               abs1         000000
__Lbank0                              bank0        000000
__Lbank1                              bank1        000000
__Lbank10                             bank10       000000
__Lbank11                             bank11       000000
__Lbank12                             bank12       000000
__Lbank13                             bank13       000000
__Lbank14                             bank14       000000
__Lbank15                             bank15       000000
__Lbank2                              bank2        000000
__Lbank3                              bank3        000000
__Lbank4                              bank4        000000
__Lbank5                              bank5        000000
__Lbank6                              bank6        000000
__Lbank7                              bank7        000000
__Lbank8                              bank8        000000
__Lbank9                              bank9        000000
__Lbigbss                             bigbss       000000
__Lbigdata                            bigdata      000000
__Lbigram                             bigram       000000
__Lbigsfr                             bigsfr       000000
__Lbss                                bss          000000
__LbssCOMRAM                          bssCOMRAM    000000
__Lcinit                              cinit        000000
__Lclrtext                            clrtext      000000
__Lcomram                             comram       000000
__Lconfig                             config       000000
__Lconst                              const        000000
__LcstackCOMRAM                       cstackCOMRAM 000000
__Ldata                               data         000000
__LdataCOMRAM                         dataCOMRAM   000000
__Leeprom_data                        eeprom_data  000000
__Lfarbss                             farbss       000000
__Lfardata                            fardata      000000
__Lheap                               heap         000000
__Libigdata                           ibigdata     000000
__Lidata                              idata        000000
__LidataCOMRAM                        idataCOMRAM  000000
__Lidloc                              idloc        000000
__Lifardata                           ifardata     000000
__Linit                               init         000000
__Lintcode                            intcode      000000
__Lintcode_body                       intcode_body 000000
__Lintcodelo                          intcodelo    000000
__Lintentry                           intentry     000000
__Lintret                             intret       000000
__Lintsave_regs                       intsave_regs 000000
__Lirdata                             irdata       000000
__Lmediumconst                        mediumconst  000000
__LnvFARRAM                           nvFARRAM     000000
__Lnvbit                              nvbit        000000
__Lnvrram                             nvrram       000000
__Lparam                              rparam       000000
__Lpowerup                            powerup      000000
__Lram                                ram          000000
__Lramtop                             ramtop       001000
__Lrbit                               rbit         000000
__Lrbss                               rbss         000000
__Lrdata                              rdata        000000
__Lreset_vec                          reset_vec    000000
__Lrparam                             rparam       000000
__Lsfr                                sfr          000000
__Lsmallconst                         smallconst   000000
__Lspace_0                            (abs)        000000
__Lspace_1                            (abs)        000000
__Lspace_2                            (abs)        000000
__Lspace_4                            (abs)        000000
__Lstack                              stack        000000
__Lstruct                             struct       000000
__Ltemp                               temp         000000
__Ltext                               text         000000
__Ltext0                              text0        000000
__Ltext1                              text1        000000
__Ltext2                              text2        000000
__Ltext3                              text3        000000
__Ltext4                              text4        000000
__Ltext5                              text5        000000
__Ltext6                              text6        000000
__S0                                  (abs)        010000
__S1                                  (abs)        000039
__S4                                  (abs)        000000
__S5                                  (abs)        000000
___heap_hi                            (abs)        000000
___heap_lo                            (abs)        000000
___inthi_sp                           stack        000000
___intlo_sp                           stack        000000
___param_bank                         (abs)        000000
___rparam_used                        (abs)        000001
___sp                                 stack        000000
__accesstop                           (abs)        000080
__activetblptr                        (abs)        000002
__end_of_Application_initialize       text3        00FAFA
__end_of__initialization              cinit        00FB48
__end_of_gpio_pin_direction_init      text6        010000
__end_of_gpio_pin_write_logic         text5        00FE9E
__end_of_main                         text0        00FBC6
__end_of_relay_initialize             text4        00FD5E
__end_of_relay_turn_off               text2        00FC46
__end_of_relay_turn_on                text1        00FCC6
__initialization                      cinit        00FB1C
__mediumconst                         mediumconst  000000
__pbssCOMRAM                          bssCOMRAM    000032
__pcinit                              cinit        00FB1C
__pcstackCOMRAM                       cstackCOMRAM 000022
__pdataCOMRAM                         dataCOMRAM   000001
__pidataCOMRAM                        idataCOMRAM  00FAFB
__ptext0                              text0        00FB52
__ptext1                              text1        00FC46
__ptext2                              text2        00FBC6
__ptext3                              text3        00FADC
__ptext4                              text4        00FCC6
__ptext5                              text5        00FD5E
__ptext6                              text6        00FE9E
__ramtop                              ramtop       001000
__smallconst                          smallconst   000000
_gpio_pin_direction_init              text6        00FE9E
_gpio_pin_write_logic                 text5        00FD5E
_lat_register                         dataCOMRAM   00000B
_main                                 text0        00FB52
_port_register                        dataCOMRAM   000001
_relay1                               dataCOMRAM   000021
_relay2                               dataCOMRAM   000020
_relay_initialize                     text4        00FCC6
_relay_turn_off                       text2        00FBC6
_relay_turn_on                        text1        00FC46
_ret                                  dataCOMRAM   00001F
_tris_register                        dataCOMRAM   000015
end_of_initialization                 cinit        00FB48
gpio_pin_direction_init@_pin_config_t cstackCOMRAM 000022
gpio_pin_direction_init@ret           cstackCOMRAM 00002A
gpio_pin_write_logic@_pin_config_t    cstackCOMRAM 000022
gpio_pin_write_logic@logic            cstackCOMRAM 000024
intlevel0                             text         000000
intlevel1                             text         000000
intlevel2                             text         000000
intlevel3                             text         000000
isa$std                               (abs)        000001
isa$xinst                             (abs)        000000
led_initialize@F2876                  bssCOMRAM    000038
led_toggle_logic@F2891                bssCOMRAM    000035
led_turn_off@F2886                    bssCOMRAM    000036
led_turn_on@F2881                     bssCOMRAM    000037
relay_initialize@F2870                bssCOMRAM    000034
relay_initialize@relay                cstackCOMRAM 00002B
relay_initialize@relayy               cstackCOMRAM 00002F
relay_initialize@ret                  cstackCOMRAM 00002E
relay_turn_off@F2880                  bssCOMRAM    000032
relay_turn_off@relay                  cstackCOMRAM 00002B
relay_turn_off@relayy                 cstackCOMRAM 00002F
relay_turn_off@ret                    cstackCOMRAM 00002E
relay_turn_on@F2875                   bssCOMRAM    000033
relay_turn_on@relay                   cstackCOMRAM 00002B
relay_turn_on@relayy                  cstackCOMRAM 00002F
relay_turn_on@ret                     cstackCOMRAM 00002E
stackhi                               (abs)        000000
stacklo                               (abs)        000000
start                                 init         000000
start_initialization                  cinit        00FB1C


MODULE INFORMATION

Module		Function		Class		Link	Load	Size
ECU_Layer/RELAY/ecu_relay.c
		_relay_turn_off		CODE           	FBC6	0000	128
		_relay_initialize		CODE           	FCC6	0000	152
		_relay_turn_on 		CODE           	FC46	0000	128

ECU_Layer/RELAY/ecu_relay.c estimated size: 408

Application.c
		_main          		CODE           	FB52	0000	116
		_Application_initialize		CODE           	FADC	0000	30

Application.c estimated size: 146

shared
		__initialization		CODE           	FB1C	0000	44

shared estimated size: 44

MCAL_Layer/hal_gpio.c
		_gpio_pin_write_logic		CODE           	FD5E	0000	320
		_gpio_pin_direction_init		CODE           	FE9E	0000	354

MCAL_Layer/hal_gpio.c estimated size: 674

